'pip' is not recognized as an internal or external command,
operable program or batch file.


C:\Users\Admin>py -m pip --version
pip 23.2.1 from C:\Users\Admin\AppData\Local\Programs\Python\Python312\Lib\site-packages\pip (python 3.12)

C:\Users\Admin>pip install pynput
'pip' is not recognized as an internal or external command,
operable program or batch file.

C:\Users\Admin>py -m pip install pynput
Requirement already satisfied: pynput in c:\users\admin\appdata\local\programs\python\python312\lib\site-packages (1.7.6)
Requirement already satisfied: six in c:\users\admin\appdata\local\programs\python\python312\lib\site-packages (from pynput) (1.16.0)

[notice] A new release of pip is available: 23.2.1 -> 23.3.1
[notice] To update, run: C:\Users\Admin\AppData\Local\Programs\Python\Python312\python.exe -m pip install --upgrade pip

C:\Users\Admin>py -m show pynput
C:\Users\Admin\AppData\Local\Programs\Python\Python312\python.exe: No module named show
C:\Users\Admin>py -m pip show pynput
Name: pynput
Version: 1.7.6
Summary: Monitor and control user input devices
Home-page: https://github.com/moses-palmer/pynput
Author: Moses PalmÃ©r
Author-email: moses.palmer@gmail.com
License: LGPLv3
Location: C:\Users\Admin\AppData\Local\Programs\Python\Python312\Lib\site-packages
Requires: six
Required-by:

PS D:\PBL4> & C:/Users/Admin/AppData/Local/Programs/Python/Python310/python.exe d:/PBL4/victim.pyw
Traceback (most recent call last):
  File "d:\PBL4\victim.pyw", line 1, in <module>
    from  pynput.keyboard import Listener
ModuleNotFoundError: No module named 'pynput'
